<[Script Dst="..:out"]>
Writer.WriteLine("|Overwrite|");
Writer.Write("->||<-");
<[/Script]>
<[RawAligned Name="out" AlignTag="|"]>
    Overwrite
->              <-
<[/RawAligned]>